// Jest Snapshot v1, https://goo.gl/fbAQLP

exports[`FeedbackDone component renders correctly 1`] = `ShallowWrapper {}`;

exports[`RatingSlider component renders correctly 1`] = `ShallowWrapper {}`;
