// Jest Snapshot v1, https://goo.gl/fbAQLP

exports[`renders correctly 1`] = `
ShallowWrapper {
  Symbol(enzyme.__root__): [Circular],
  Symbol(enzyme.__unrendered__): <Footnote />,
  Symbol(enzyme.__renderer__): Object {
    "batchedUpdates": [Function],
    "getNode": [Function],
    "render": [Function],
    "simulateError": [Function],
    "simulateEvent": [Function],
    "unmount": [Function],
  },
  Symbol(enzyme.__node__): Object {
    "instance": null,
    "key": undefined,
    "nodeType": "host",
    "props": Object {
      "children": Array [
        "Elfogadott fizetési módok",
        <ul
          className="payment-methods"
        >
          <li>
            <h6>
              Készpénz
            </h6>
            <img
              alt="Készpénzes fizetés"
              src="cash.png"
            />
          </li>
          <li>
            <h6>
              Előreutalás
            </h6>
            <img
              alt="Előreutalás"
              src="bank.png"
            />
          </li>
          <li>
            <h6>
              Visa
            </h6>
            <img
              alt="Visa elfogadóhely"
              src="visa.png"
            />
          </li>
          <li>
            <h6>
              Mastercard
            </h6>
            <img
              alt="Mastercard elfogadóhely"
              src="mastercard.png"
            />
          </li>
          <li>
            <h6>
              OTP SZÉP
            </h6>
            <img
              alt="OTP SZÉP Kártya elfogadóhely"
              src="szep.png"
            />
          </li>
        </ul>,
        "FIGYELEM! Felhívjuk figyelmét, hogy a foglalás elküldése fizetési kötelezettséget nem von maga után. Foglalását először jóvá kell hagyjuk. A fizetés helyben, vagy átutalással történik. További részletekért kérdezhet a megjegyzésben, vagy írhat az alábbi címre:",
        <a
          href="mailto:szallasfoglalas@bibicvendeghazak.hu"
        >
          szallasfoglalas@bibicvendeghazak.hu
        </a>,
      ],
      "className": "footnote",
    },
    "ref": null,
    "rendered": Array [
      "Elfogadott fizetési módok",
      Object {
        "instance": null,
        "key": undefined,
        "nodeType": "host",
        "props": Object {
          "children": Array [
            <li>
              <h6>
                Készpénz
              </h6>
              <img
                alt="Készpénzes fizetés"
                src="cash.png"
              />
            </li>,
            <li>
              <h6>
                Előreutalás
              </h6>
              <img
                alt="Előreutalás"
                src="bank.png"
              />
            </li>,
            <li>
              <h6>
                Visa
              </h6>
              <img
                alt="Visa elfogadóhely"
                src="visa.png"
              />
            </li>,
            <li>
              <h6>
                Mastercard
              </h6>
              <img
                alt="Mastercard elfogadóhely"
                src="mastercard.png"
              />
            </li>,
            <li>
              <h6>
                OTP SZÉP
              </h6>
              <img
                alt="OTP SZÉP Kártya elfogadóhely"
                src="szep.png"
              />
            </li>,
          ],
          "className": "payment-methods",
        },
        "ref": null,
        "rendered": Array [
          Object {
            "instance": null,
            "key": undefined,
            "nodeType": "host",
            "props": Object {
              "children": Array [
                <h6>
                  Készpénz
                </h6>,
                <img
                  alt="Készpénzes fizetés"
                  src="cash.png"
                />,
              ],
            },
            "ref": null,
            "rendered": Array [
              Object {
                "instance": null,
                "key": undefined,
                "nodeType": "host",
                "props": Object {
                  "children": "Készpénz",
                },
                "ref": null,
                "rendered": "Készpénz",
                "type": "h6",
              },
              Object {
                "instance": null,
                "key": undefined,
                "nodeType": "host",
                "props": Object {
                  "alt": "Készpénzes fizetés",
                  "src": "cash.png",
                },
                "ref": null,
                "rendered": null,
                "type": "img",
              },
            ],
            "type": "li",
          },
          Object {
            "instance": null,
            "key": undefined,
            "nodeType": "host",
            "props": Object {
              "children": Array [
                <h6>
                  Előreutalás
                </h6>,
                <img
                  alt="Előreutalás"
                  src="bank.png"
                />,
              ],
            },
            "ref": null,
            "rendered": Array [
              Object {
                "instance": null,
                "key": undefined,
                "nodeType": "host",
                "props": Object {
                  "children": "Előreutalás",
                },
                "ref": null,
                "rendered": "Előreutalás",
                "type": "h6",
              },
              Object {
                "instance": null,
                "key": undefined,
                "nodeType": "host",
                "props": Object {
                  "alt": "Előreutalás",
                  "src": "bank.png",
                },
                "ref": null,
                "rendered": null,
                "type": "img",
              },
            ],
            "type": "li",
          },
          Object {
            "instance": null,
            "key": undefined,
            "nodeType": "host",
            "props": Object {
              "children": Array [
                <h6>
                  Visa
                </h6>,
                <img
                  alt="Visa elfogadóhely"
                  src="visa.png"
                />,
              ],
            },
            "ref": null,
            "rendered": Array [
              Object {
                "instance": null,
                "key": undefined,
                "nodeType": "host",
                "props": Object {
                  "children": "Visa",
                },
                "ref": null,
                "rendered": "Visa",
                "type": "h6",
              },
              Object {
                "instance": null,
                "key": undefined,
                "nodeType": "host",
                "props": Object {
                  "alt": "Visa elfogadóhely",
                  "src": "visa.png",
                },
                "ref": null,
                "rendered": null,
                "type": "img",
              },
            ],
            "type": "li",
          },
          Object {
            "instance": null,
            "key": undefined,
            "nodeType": "host",
            "props": Object {
              "children": Array [
                <h6>
                  Mastercard
                </h6>,
                <img
                  alt="Mastercard elfogadóhely"
                  src="mastercard.png"
                />,
              ],
            },
            "ref": null,
            "rendered": Array [
              Object {
                "instance": null,
                "key": undefined,
                "nodeType": "host",
                "props": Object {
                  "children": "Mastercard",
                },
                "ref": null,
                "rendered": "Mastercard",
                "type": "h6",
              },
              Object {
                "instance": null,
                "key": undefined,
                "nodeType": "host",
                "props": Object {
                  "alt": "Mastercard elfogadóhely",
                  "src": "mastercard.png",
                },
                "ref": null,
                "rendered": null,
                "type": "img",
              },
            ],
            "type": "li",
          },
          Object {
            "instance": null,
            "key": undefined,
            "nodeType": "host",
            "props": Object {
              "children": Array [
                <h6>
                  OTP SZÉP
                </h6>,
                <img
                  alt="OTP SZÉP Kártya elfogadóhely"
                  src="szep.png"
                />,
              ],
            },
            "ref": null,
            "rendered": Array [
              Object {
                "instance": null,
                "key": undefined,
                "nodeType": "host",
                "props": Object {
                  "children": "OTP SZÉP",
                },
                "ref": null,
                "rendered": "OTP SZÉP",
                "type": "h6",
              },
              Object {
                "instance": null,
                "key": undefined,
                "nodeType": "host",
                "props": Object {
                  "alt": "OTP SZÉP Kártya elfogadóhely",
                  "src": "szep.png",
                },
                "ref": null,
                "rendered": null,
                "type": "img",
              },
            ],
            "type": "li",
          },
        ],
        "type": "ul",
      },
      "FIGYELEM! Felhívjuk figyelmét, hogy a foglalás elküldése fizetési kötelezettséget nem von maga után. Foglalását először jóvá kell hagyjuk. A fizetés helyben, vagy átutalással történik. További részletekért kérdezhet a megjegyzésben, vagy írhat az alábbi címre:",
      Object {
        "instance": null,
        "key": undefined,
        "nodeType": "host",
        "props": Object {
          "children": "szallasfoglalas@bibicvendeghazak.hu",
          "href": "mailto:szallasfoglalas@bibicvendeghazak.hu",
        },
        "ref": null,
        "rendered": "szallasfoglalas@bibicvendeghazak.hu",
        "type": "a",
      },
    ],
    "type": "span",
  },
  Symbol(enzyme.__nodes__): Array [
    Object {
      "instance": null,
      "key": undefined,
      "nodeType": "host",
      "props": Object {
        "children": Array [
          "Elfogadott fizetési módok",
          <ul
            className="payment-methods"
          >
            <li>
              <h6>
                Készpénz
              </h6>
              <img
                alt="Készpénzes fizetés"
                src="cash.png"
              />
            </li>
            <li>
              <h6>
                Előreutalás
              </h6>
              <img
                alt="Előreutalás"
                src="bank.png"
              />
            </li>
            <li>
              <h6>
                Visa
              </h6>
              <img
                alt="Visa elfogadóhely"
                src="visa.png"
              />
            </li>
            <li>
              <h6>
                Mastercard
              </h6>
              <img
                alt="Mastercard elfogadóhely"
                src="mastercard.png"
              />
            </li>
            <li>
              <h6>
                OTP SZÉP
              </h6>
              <img
                alt="OTP SZÉP Kártya elfogadóhely"
                src="szep.png"
              />
            </li>
          </ul>,
          "FIGYELEM! Felhívjuk figyelmét, hogy a foglalás elküldése fizetési kötelezettséget nem von maga után. Foglalását először jóvá kell hagyjuk. A fizetés helyben, vagy átutalással történik. További részletekért kérdezhet a megjegyzésben, vagy írhat az alábbi címre:",
          <a
            href="mailto:szallasfoglalas@bibicvendeghazak.hu"
          >
            szallasfoglalas@bibicvendeghazak.hu
          </a>,
        ],
        "className": "footnote",
      },
      "ref": null,
      "rendered": Array [
        "Elfogadott fizetési módok",
        Object {
          "instance": null,
          "key": undefined,
          "nodeType": "host",
          "props": Object {
            "children": Array [
              <li>
                <h6>
                  Készpénz
                </h6>
                <img
                  alt="Készpénzes fizetés"
                  src="cash.png"
                />
              </li>,
              <li>
                <h6>
                  Előreutalás
                </h6>
                <img
                  alt="Előreutalás"
                  src="bank.png"
                />
              </li>,
              <li>
                <h6>
                  Visa
                </h6>
                <img
                  alt="Visa elfogadóhely"
                  src="visa.png"
                />
              </li>,
              <li>
                <h6>
                  Mastercard
                </h6>
                <img
                  alt="Mastercard elfogadóhely"
                  src="mastercard.png"
                />
              </li>,
              <li>
                <h6>
                  OTP SZÉP
                </h6>
                <img
                  alt="OTP SZÉP Kártya elfogadóhely"
                  src="szep.png"
                />
              </li>,
            ],
            "className": "payment-methods",
          },
          "ref": null,
          "rendered": Array [
            Object {
              "instance": null,
              "key": undefined,
              "nodeType": "host",
              "props": Object {
                "children": Array [
                  <h6>
                    Készpénz
                  </h6>,
                  <img
                    alt="Készpénzes fizetés"
                    src="cash.png"
                  />,
                ],
              },
              "ref": null,
              "rendered": Array [
                Object {
                  "instance": null,
                  "key": undefined,
                  "nodeType": "host",
                  "props": Object {
                    "children": "Készpénz",
                  },
                  "ref": null,
                  "rendered": "Készpénz",
                  "type": "h6",
                },
                Object {
                  "instance": null,
                  "key": undefined,
                  "nodeType": "host",
                  "props": Object {
                    "alt": "Készpénzes fizetés",
                    "src": "cash.png",
                  },
                  "ref": null,
                  "rendered": null,
                  "type": "img",
                },
              ],
              "type": "li",
            },
            Object {
              "instance": null,
              "key": undefined,
              "nodeType": "host",
              "props": Object {
                "children": Array [
                  <h6>
                    Előreutalás
                  </h6>,
                  <img
                    alt="Előreutalás"
                    src="bank.png"
                  />,
                ],
              },
              "ref": null,
              "rendered": Array [
                Object {
                  "instance": null,
                  "key": undefined,
                  "nodeType": "host",
                  "props": Object {
                    "children": "Előreutalás",
                  },
                  "ref": null,
                  "rendered": "Előreutalás",
                  "type": "h6",
                },
                Object {
                  "instance": null,
                  "key": undefined,
                  "nodeType": "host",
                  "props": Object {
                    "alt": "Előreutalás",
                    "src": "bank.png",
                  },
                  "ref": null,
                  "rendered": null,
                  "type": "img",
                },
              ],
              "type": "li",
            },
            Object {
              "instance": null,
              "key": undefined,
              "nodeType": "host",
              "props": Object {
                "children": Array [
                  <h6>
                    Visa
                  </h6>,
                  <img
                    alt="Visa elfogadóhely"
                    src="visa.png"
                  />,
                ],
              },
              "ref": null,
              "rendered": Array [
                Object {
                  "instance": null,
                  "key": undefined,
                  "nodeType": "host",
                  "props": Object {
                    "children": "Visa",
                  },
                  "ref": null,
                  "rendered": "Visa",
                  "type": "h6",
                },
                Object {
                  "instance": null,
                  "key": undefined,
                  "nodeType": "host",
                  "props": Object {
                    "alt": "Visa elfogadóhely",
                    "src": "visa.png",
                  },
                  "ref": null,
                  "rendered": null,
                  "type": "img",
                },
              ],
              "type": "li",
            },
            Object {
              "instance": null,
              "key": undefined,
              "nodeType": "host",
              "props": Object {
                "children": Array [
                  <h6>
                    Mastercard
                  </h6>,
                  <img
                    alt="Mastercard elfogadóhely"
                    src="mastercard.png"
                  />,
                ],
              },
              "ref": null,
              "rendered": Array [
                Object {
                  "instance": null,
                  "key": undefined,
                  "nodeType": "host",
                  "props": Object {
                    "children": "Mastercard",
                  },
                  "ref": null,
                  "rendered": "Mastercard",
                  "type": "h6",
                },
                Object {
                  "instance": null,
                  "key": undefined,
                  "nodeType": "host",
                  "props": Object {
                    "alt": "Mastercard elfogadóhely",
                    "src": "mastercard.png",
                  },
                  "ref": null,
                  "rendered": null,
                  "type": "img",
                },
              ],
              "type": "li",
            },
            Object {
              "instance": null,
              "key": undefined,
              "nodeType": "host",
              "props": Object {
                "children": Array [
                  <h6>
                    OTP SZÉP
                  </h6>,
                  <img
                    alt="OTP SZÉP Kártya elfogadóhely"
                    src="szep.png"
                  />,
                ],
              },
              "ref": null,
              "rendered": Array [
                Object {
                  "instance": null,
                  "key": undefined,
                  "nodeType": "host",
                  "props": Object {
                    "children": "OTP SZÉP",
                  },
                  "ref": null,
                  "rendered": "OTP SZÉP",
                  "type": "h6",
                },
                Object {
                  "instance": null,
                  "key": undefined,
                  "nodeType": "host",
                  "props": Object {
                    "alt": "OTP SZÉP Kártya elfogadóhely",
                    "src": "szep.png",
                  },
                  "ref": null,
                  "rendered": null,
                  "type": "img",
                },
              ],
              "type": "li",
            },
          ],
          "type": "ul",
        },
        "FIGYELEM! Felhívjuk figyelmét, hogy a foglalás elküldése fizetési kötelezettséget nem von maga után. Foglalását először jóvá kell hagyjuk. A fizetés helyben, vagy átutalással történik. További részletekért kérdezhet a megjegyzésben, vagy írhat az alábbi címre:",
        Object {
          "instance": null,
          "key": undefined,
          "nodeType": "host",
          "props": Object {
            "children": "szallasfoglalas@bibicvendeghazak.hu",
            "href": "mailto:szallasfoglalas@bibicvendeghazak.hu",
          },
          "ref": null,
          "rendered": "szallasfoglalas@bibicvendeghazak.hu",
          "type": "a",
        },
      ],
      "type": "span",
    },
  ],
  Symbol(enzyme.__options__): Object {
    "adapter": ReactSixteenAdapter {
      "options": Object {
        "enableComponentDidUpdateOnSetState": true,
        "lifecycles": Object {
          "componentDidUpdate": Object {
            "onSetState": true,
          },
          "getDerivedStateFromProps": true,
          "getSnapshotBeforeUpdate": true,
          "setState": Object {
            "skipsComponentDidUpdateOnNullish": true,
          },
        },
      },
    },
  },
}
`;
