// Jest Snapshot v1, https://goo.gl/fbAQLP

exports[`GalleryItem component renders correctly 1`] = `
ShallowWrapper {
  Symbol(enzyme.__root__): [Circular],
  Symbol(enzyme.__unrendered__): <GalleryItem
    SIZE_1024="SIZE_1024.jpg"
    SIZE_1440="SIZE_1440.jpg"
    SIZE_640="SIZE_640.jpg"
    desc="desc"
    title="title"
  />,
  Symbol(enzyme.__renderer__): Object {
    "batchedUpdates": [Function],
    "getNode": [Function],
    "render": [Function],
    "simulateError": [Function],
    "simulateEvent": [Function],
    "unmount": [Function],
  },
  Symbol(enzyme.__node__): Object {
    "instance": null,
    "key": undefined,
    "nodeType": "host",
    "props": Object {
      "children": Array [
        <div
          className="img-wrapper"
        >
          <GalleryImage
            alt="desc"
            sizes={
              Object {
                "SIZE_1024": "SIZE_1024.jpg",
                "SIZE_1440": "SIZE_1440.jpg",
                "SIZE_640": "SIZE_640.jpg",
              }
            }
          />
        </div>,
        <p>
          desc
        </p>,
      ],
      "className": "gallery-item",
    },
    "ref": null,
    "rendered": Array [
      Object {
        "instance": null,
        "key": undefined,
        "nodeType": "host",
        "props": Object {
          "children": <GalleryImage
            alt="desc"
            sizes={
              Object {
                "SIZE_1024": "SIZE_1024.jpg",
                "SIZE_1440": "SIZE_1440.jpg",
                "SIZE_640": "SIZE_640.jpg",
              }
            }
          />,
          "className": "img-wrapper",
        },
        "ref": null,
        "rendered": Object {
          "instance": null,
          "key": undefined,
          "nodeType": "function",
          "props": Object {
            "alt": "desc",
            "sizes": Object {
              "SIZE_1024": "SIZE_1024.jpg",
              "SIZE_1440": "SIZE_1440.jpg",
              "SIZE_640": "SIZE_640.jpg",
            },
          },
          "ref": null,
          "rendered": null,
          "type": [Function],
        },
        "type": "div",
      },
      Object {
        "instance": null,
        "key": undefined,
        "nodeType": "host",
        "props": Object {
          "children": "desc",
        },
        "ref": null,
        "rendered": "desc",
        "type": "p",
      },
    ],
    "type": "div",
  },
  Symbol(enzyme.__nodes__): Array [
    Object {
      "instance": null,
      "key": undefined,
      "nodeType": "host",
      "props": Object {
        "children": Array [
          <div
            className="img-wrapper"
          >
            <GalleryImage
              alt="desc"
              sizes={
                Object {
                  "SIZE_1024": "SIZE_1024.jpg",
                  "SIZE_1440": "SIZE_1440.jpg",
                  "SIZE_640": "SIZE_640.jpg",
                }
              }
            />
          </div>,
          <p>
            desc
          </p>,
        ],
        "className": "gallery-item",
      },
      "ref": null,
      "rendered": Array [
        Object {
          "instance": null,
          "key": undefined,
          "nodeType": "host",
          "props": Object {
            "children": <GalleryImage
              alt="desc"
              sizes={
                Object {
                  "SIZE_1024": "SIZE_1024.jpg",
                  "SIZE_1440": "SIZE_1440.jpg",
                  "SIZE_640": "SIZE_640.jpg",
                }
              }
            />,
            "className": "img-wrapper",
          },
          "ref": null,
          "rendered": Object {
            "instance": null,
            "key": undefined,
            "nodeType": "function",
            "props": Object {
              "alt": "desc",
              "sizes": Object {
                "SIZE_1024": "SIZE_1024.jpg",
                "SIZE_1440": "SIZE_1440.jpg",
                "SIZE_640": "SIZE_640.jpg",
              },
            },
            "ref": null,
            "rendered": null,
            "type": [Function],
          },
          "type": "div",
        },
        Object {
          "instance": null,
          "key": undefined,
          "nodeType": "host",
          "props": Object {
            "children": "desc",
          },
          "ref": null,
          "rendered": "desc",
          "type": "p",
        },
      ],
      "type": "div",
    },
  ],
  Symbol(enzyme.__options__): Object {
    "adapter": ReactSixteenAdapter {
      "options": Object {
        "enableComponentDidUpdateOnSetState": true,
        "lifecycles": Object {
          "componentDidUpdate": Object {
            "onSetState": true,
          },
          "getDerivedStateFromProps": true,
          "getSnapshotBeforeUpdate": true,
          "setState": Object {
            "skipsComponentDidUpdateOnNullish": true,
          },
        },
      },
    },
  },
}
`;
