// Jest Snapshot v1, https://goo.gl/fbAQLP

exports[`BackButton default to homepage 1`] = `
<div>
  <a
    class="back-to-home"
    href="/"
    title="home"
  >
    ‚Üê
    <span>
      Back to
       
      home
    </span>
  </a>
   
</div>
`;
