// Jest Snapshot v1, https://goo.gl/fbAQLP

exports[`renders correctly 1`] = `
<DocumentFragment>
  <div
    class="input-box  "
  >
    <input
      value=""
    />
  </div>
</DocumentFragment>
`;
