// Jest Snapshot v1, https://goo.gl/fbAQLP

exports[`NotFound component renders correctly 1`] = `
ShallowWrapper {
  Symbol(enzyme.__root__): [Circular],
  Symbol(enzyme.__unrendered__): <_default />,
  Symbol(enzyme.__renderer__): Object {
    "batchedUpdates": [Function],
    "checkPropTypes": [Function],
    "getNode": [Function],
    "render": [Function],
    "simulateError": [Function],
    "simulateEvent": [Function],
    "unmount": [Function],
  },
  Symbol(enzyme.__node__): Object {
    "instance": null,
    "key": undefined,
    "nodeType": "host",
    "props": Object {
      "children": Array [
        <h2>
          404
        </h2>,
        <p>
          Hmm... Ez az oldal sajnos üres.
        </p>,
        <Link
          to="/"
        >
          Vissza a főoldalra
        </Link>,
      ],
      "className": "not-found",
    },
    "ref": null,
    "rendered": Array [
      Object {
        "instance": null,
        "key": undefined,
        "nodeType": "host",
        "props": Object {
          "children": "404",
        },
        "ref": null,
        "rendered": "404",
        "type": "h2",
      },
      Object {
        "instance": null,
        "key": undefined,
        "nodeType": "host",
        "props": Object {
          "children": "Hmm... Ez az oldal sajnos üres.",
        },
        "ref": null,
        "rendered": "Hmm... Ez az oldal sajnos üres.",
        "type": "p",
      },
      Object {
        "instance": null,
        "key": undefined,
        "nodeType": "class",
        "props": Object {
          "children": "Vissza a főoldalra",
          "to": "/",
        },
        "ref": null,
        "rendered": "Vissza a főoldalra",
        "type": [Function],
      },
    ],
    "type": "div",
  },
  Symbol(enzyme.__nodes__): Array [
    Object {
      "instance": null,
      "key": undefined,
      "nodeType": "host",
      "props": Object {
        "children": Array [
          <h2>
            404
          </h2>,
          <p>
            Hmm... Ez az oldal sajnos üres.
          </p>,
          <Link
            to="/"
          >
            Vissza a főoldalra
          </Link>,
        ],
        "className": "not-found",
      },
      "ref": null,
      "rendered": Array [
        Object {
          "instance": null,
          "key": undefined,
          "nodeType": "host",
          "props": Object {
            "children": "404",
          },
          "ref": null,
          "rendered": "404",
          "type": "h2",
        },
        Object {
          "instance": null,
          "key": undefined,
          "nodeType": "host",
          "props": Object {
            "children": "Hmm... Ez az oldal sajnos üres.",
          },
          "ref": null,
          "rendered": "Hmm... Ez az oldal sajnos üres.",
          "type": "p",
        },
        Object {
          "instance": null,
          "key": undefined,
          "nodeType": "class",
          "props": Object {
            "children": "Vissza a főoldalra",
            "to": "/",
          },
          "ref": null,
          "rendered": "Vissza a főoldalra",
          "type": [Function],
        },
      ],
      "type": "div",
    },
  ],
  Symbol(enzyme.__options__): Object {
    "adapter": ReactSixteenAdapter {
      "options": Object {
        "enableComponentDidUpdateOnSetState": true,
        "legacyContextMode": "parent",
        "lifecycles": Object {
          "componentDidUpdate": Object {
            "onSetState": true,
          },
          "getChildContext": Object {
            "calledByRenderer": false,
          },
          "getDerivedStateFromError": true,
          "getDerivedStateFromProps": Object {
            "hasShouldComponentUpdateBug": false,
          },
          "getSnapshotBeforeUpdate": true,
          "setState": Object {
            "skipsComponentDidUpdateOnNullish": true,
          },
        },
      },
    },
  },
}
`;
