// Jest Snapshot v1, https://goo.gl/fbAQLP

exports[`ChatFAB component renders correctly 1`] = `ShallowWrapper {}`;
