// Jest Snapshot v1, https://goo.gl/fbAQLP

exports[`ChatFAB component renders correctly 1`] = `
ShallowWrapper {
  Symbol(enzyme.__root__): [Circular],
  Symbol(enzyme.__unrendered__): <ChatFAB
    hero={Array []}
  />,
  Symbol(enzyme.__renderer__): Object {
    "batchedUpdates": [Function],
    "getNode": [Function],
    "render": [Function],
    "simulateError": [Function],
    "simulateEvent": [Function],
    "unmount": [Function],
  },
  Symbol(enzyme.__node__): Object {
    "instance": null,
    "key": undefined,
    "nodeType": "function",
    "props": Object {
      "children": <div
        className="chat-fab"
      >
        <span
          className="tooltip"
        >
          Megtalál minket a Messengeren is!
        </span>
        <a
          href="https://www.messenger.com/t/200199203718517"
          rel="noopener noreferrer"
          target="_blank"
        >
          <img
            alt=""
            aria-hidden={true}
            className="filled"
            src="chat.svg"
          />
        </a>
      </div>,
      "up": true,
      "when": false,
    },
    "ref": null,
    "rendered": Object {
      "instance": null,
      "key": undefined,
      "nodeType": "host",
      "props": Object {
        "children": Array [
          <span
            className="tooltip"
          >
            Megtalál minket a Messengeren is!
          </span>,
          <a
            href="https://www.messenger.com/t/200199203718517"
            rel="noopener noreferrer"
            target="_blank"
          >
            <img
              alt=""
              aria-hidden={true}
              className="filled"
              src="chat.svg"
            />
          </a>,
        ],
        "className": "chat-fab",
      },
      "ref": null,
      "rendered": Array [
        Object {
          "instance": null,
          "key": undefined,
          "nodeType": "host",
          "props": Object {
            "children": "Megtalál minket a Messengeren is!",
            "className": "tooltip",
          },
          "ref": null,
          "rendered": "Megtalál minket a Messengeren is!",
          "type": "span",
        },
        Object {
          "instance": null,
          "key": undefined,
          "nodeType": "host",
          "props": Object {
            "children": <img
              alt=""
              aria-hidden={true}
              className="filled"
              src="chat.svg"
            />,
            "href": "https://www.messenger.com/t/200199203718517",
            "rel": "noopener noreferrer",
            "target": "_blank",
          },
          "ref": null,
          "rendered": Object {
            "instance": null,
            "key": undefined,
            "nodeType": "host",
            "props": Object {
              "alt": "",
              "aria-hidden": true,
              "className": "filled",
              "src": "chat.svg",
            },
            "ref": null,
            "rendered": null,
            "type": "img",
          },
          "type": "a",
        },
      ],
      "type": "div",
    },
    "type": [Function],
  },
  Symbol(enzyme.__nodes__): Array [
    Object {
      "instance": null,
      "key": undefined,
      "nodeType": "function",
      "props": Object {
        "children": <div
          className="chat-fab"
        >
          <span
            className="tooltip"
          >
            Megtalál minket a Messengeren is!
          </span>
          <a
            href="https://www.messenger.com/t/200199203718517"
            rel="noopener noreferrer"
            target="_blank"
          >
            <img
              alt=""
              aria-hidden={true}
              className="filled"
              src="chat.svg"
            />
          </a>
        </div>,
        "up": true,
        "when": false,
      },
      "ref": null,
      "rendered": Object {
        "instance": null,
        "key": undefined,
        "nodeType": "host",
        "props": Object {
          "children": Array [
            <span
              className="tooltip"
            >
              Megtalál minket a Messengeren is!
            </span>,
            <a
              href="https://www.messenger.com/t/200199203718517"
              rel="noopener noreferrer"
              target="_blank"
            >
              <img
                alt=""
                aria-hidden={true}
                className="filled"
                src="chat.svg"
              />
            </a>,
          ],
          "className": "chat-fab",
        },
        "ref": null,
        "rendered": Array [
          Object {
            "instance": null,
            "key": undefined,
            "nodeType": "host",
            "props": Object {
              "children": "Megtalál minket a Messengeren is!",
              "className": "tooltip",
            },
            "ref": null,
            "rendered": "Megtalál minket a Messengeren is!",
            "type": "span",
          },
          Object {
            "instance": null,
            "key": undefined,
            "nodeType": "host",
            "props": Object {
              "children": <img
                alt=""
                aria-hidden={true}
                className="filled"
                src="chat.svg"
              />,
              "href": "https://www.messenger.com/t/200199203718517",
              "rel": "noopener noreferrer",
              "target": "_blank",
            },
            "ref": null,
            "rendered": Object {
              "instance": null,
              "key": undefined,
              "nodeType": "host",
              "props": Object {
                "alt": "",
                "aria-hidden": true,
                "className": "filled",
                "src": "chat.svg",
              },
              "ref": null,
              "rendered": null,
              "type": "img",
            },
            "type": "a",
          },
        ],
        "type": "div",
      },
      "type": [Function],
    },
  ],
  Symbol(enzyme.__options__): Object {
    "adapter": ReactSixteenAdapter {
      "options": Object {
        "enableComponentDidUpdateOnSetState": true,
        "lifecycles": Object {
          "componentDidUpdate": Object {
            "onSetState": true,
          },
          "getDerivedStateFromProps": true,
          "getSnapshotBeforeUpdate": true,
          "setState": Object {
            "skipsComponentDidUpdateOnNullish": true,
          },
        },
      },
    },
  },
}
`;
