// Jest Snapshot v1, https://goo.gl/fbAQLP

exports[`Introduction component renders correctly 1`] = `ShallowWrapper {}`;
