// Jest Snapshot v1, https://goo.gl/fbAQLP

exports[`Map component renders correctly 1`] = `
ShallowWrapper {
  Symbol(enzyme.__root__): [Circular],
  Symbol(enzyme.__unrendered__): <_default />,
  Symbol(enzyme.__renderer__): Object {
    "batchedUpdates": [Function],
    "getNode": [Function],
    "render": [Function],
    "simulateError": [Function],
    "simulateEvent": [Function],
    "unmount": [Function],
  },
  Symbol(enzyme.__node__): Object {
    "instance": null,
    "key": undefined,
    "nodeType": "host",
    "props": Object {
      "children": <GoogleMap
        bootstrapURLKeys={
          Object {
            "key": Array [
              "AIzaSyDvnPguJofFhvUbJiNYkR2rlzSvIeZhco8",
            ],
          }
        }
        center={
          Object {
            "lat": 46.3950025,
            "lng": 17.506616,
          }
        }
        debounced={true}
        distanceToMouse={[Function]}
        googleMapLoader={[Function]}
        heatmap={Object {}}
        heatmapLibrary={false}
        hoverDistance={30}
        layerTypes={Array []}
        options={
          Object {
            "styles": Array [
              Object {
                "elementType": "geometry",
                "featureType": "water",
                "stylers": Array [
                  Object {
                    "color": "#e9e9e9",
                  },
                  Object {
                    "lightness": 17,
                  },
                ],
              },
              Object {
                "elementType": "geometry",
                "featureType": "landscape",
                "stylers": Array [
                  Object {
                    "color": "#f5f5f5",
                  },
                  Object {
                    "lightness": 20,
                  },
                ],
              },
              Object {
                "elementType": "geometry.fill",
                "featureType": "road.highway",
                "stylers": Array [
                  Object {
                    "color": "#ffffff",
                  },
                  Object {
                    "lightness": 17,
                  },
                ],
              },
              Object {
                "elementType": "geometry.stroke",
                "featureType": "road.highway",
                "stylers": Array [
                  Object {
                    "color": "#ffffff",
                  },
                  Object {
                    "lightness": 29,
                  },
                  Object {
                    "weight": 0.2,
                  },
                ],
              },
              Object {
                "elementType": "geometry",
                "featureType": "road.arterial",
                "stylers": Array [
                  Object {
                    "color": "#ffffff",
                  },
                  Object {
                    "lightness": 18,
                  },
                ],
              },
              Object {
                "elementType": "geometry",
                "featureType": "road.local",
                "stylers": Array [
                  Object {
                    "color": "#ffffff",
                  },
                  Object {
                    "lightness": 16,
                  },
                ],
              },
              Object {
                "elementType": "geometry",
                "featureType": "poi",
                "stylers": Array [
                  Object {
                    "color": "#f5f5f5",
                  },
                  Object {
                    "lightness": 21,
                  },
                ],
              },
              Object {
                "elementType": "geometry",
                "featureType": "poi.park",
                "stylers": Array [
                  Object {
                    "color": "#dedede",
                  },
                  Object {
                    "lightness": 21,
                  },
                ],
              },
              Object {
                "elementType": "labels.text.stroke",
                "stylers": Array [
                  Object {
                    "visibility": "on",
                  },
                  Object {
                    "color": "#ffffff",
                  },
                  Object {
                    "lightness": 16,
                  },
                ],
              },
              Object {
                "elementType": "labels.text.fill",
                "stylers": Array [
                  Object {
                    "saturation": 36,
                  },
                  Object {
                    "color": "#333333",
                  },
                  Object {
                    "lightness": 40,
                  },
                ],
              },
              Object {
                "elementType": "labels.icon",
                "stylers": Array [
                  Object {
                    "visibility": "off",
                  },
                ],
              },
              Object {
                "elementType": "geometry",
                "featureType": "transit",
                "stylers": Array [
                  Object {
                    "color": "#f2f2f2",
                  },
                  Object {
                    "lightness": 19,
                  },
                ],
              },
              Object {
                "elementType": "geometry.fill",
                "featureType": "administrative",
                "stylers": Array [
                  Object {
                    "color": "#fefefe",
                  },
                  Object {
                    "lightness": 20,
                  },
                ],
              },
              Object {
                "elementType": "geometry.stroke",
                "featureType": "administrative",
                "stylers": Array [
                  Object {
                    "color": "#fefefe",
                  },
                  Object {
                    "lightness": 17,
                  },
                  Object {
                    "weight": 1.2,
                  },
                ],
              },
            ],
          }
        }
        style={
          Object {
            "height": "100%",
            "margin": 0,
            "padding": 0,
            "position": "relative",
            "width": "100%",
          }
        }
        yesIWantToUseGoogleMapApiInternals={false}
        zoom={15}
      >
        <Marker
          lat={46.3950025}
          lng={17.506616}
        />
      </GoogleMap>,
      "className": "map",
    },
    "ref": null,
    "rendered": Object {
      "instance": null,
      "key": undefined,
      "nodeType": "class",
      "props": Object {
        "bootstrapURLKeys": Object {
          "key": Array [
            "AIzaSyDvnPguJofFhvUbJiNYkR2rlzSvIeZhco8",
          ],
        },
        "center": Object {
          "lat": 46.3950025,
          "lng": 17.506616,
        },
        "children": <Marker
          lat={46.3950025}
          lng={17.506616}
        />,
        "debounced": true,
        "distanceToMouse": [Function],
        "googleMapLoader": [Function],
        "heatmap": Object {},
        "heatmapLibrary": false,
        "hoverDistance": 30,
        "layerTypes": Array [],
        "options": Object {
          "styles": Array [
            Object {
              "elementType": "geometry",
              "featureType": "water",
              "stylers": Array [
                Object {
                  "color": "#e9e9e9",
                },
                Object {
                  "lightness": 17,
                },
              ],
            },
            Object {
              "elementType": "geometry",
              "featureType": "landscape",
              "stylers": Array [
                Object {
                  "color": "#f5f5f5",
                },
                Object {
                  "lightness": 20,
                },
              ],
            },
            Object {
              "elementType": "geometry.fill",
              "featureType": "road.highway",
              "stylers": Array [
                Object {
                  "color": "#ffffff",
                },
                Object {
                  "lightness": 17,
                },
              ],
            },
            Object {
              "elementType": "geometry.stroke",
              "featureType": "road.highway",
              "stylers": Array [
                Object {
                  "color": "#ffffff",
                },
                Object {
                  "lightness": 29,
                },
                Object {
                  "weight": 0.2,
                },
              ],
            },
            Object {
              "elementType": "geometry",
              "featureType": "road.arterial",
              "stylers": Array [
                Object {
                  "color": "#ffffff",
                },
                Object {
                  "lightness": 18,
                },
              ],
            },
            Object {
              "elementType": "geometry",
              "featureType": "road.local",
              "stylers": Array [
                Object {
                  "color": "#ffffff",
                },
                Object {
                  "lightness": 16,
                },
              ],
            },
            Object {
              "elementType": "geometry",
              "featureType": "poi",
              "stylers": Array [
                Object {
                  "color": "#f5f5f5",
                },
                Object {
                  "lightness": 21,
                },
              ],
            },
            Object {
              "elementType": "geometry",
              "featureType": "poi.park",
              "stylers": Array [
                Object {
                  "color": "#dedede",
                },
                Object {
                  "lightness": 21,
                },
              ],
            },
            Object {
              "elementType": "labels.text.stroke",
              "stylers": Array [
                Object {
                  "visibility": "on",
                },
                Object {
                  "color": "#ffffff",
                },
                Object {
                  "lightness": 16,
                },
              ],
            },
            Object {
              "elementType": "labels.text.fill",
              "stylers": Array [
                Object {
                  "saturation": 36,
                },
                Object {
                  "color": "#333333",
                },
                Object {
                  "lightness": 40,
                },
              ],
            },
            Object {
              "elementType": "labels.icon",
              "stylers": Array [
                Object {
                  "visibility": "off",
                },
              ],
            },
            Object {
              "elementType": "geometry",
              "featureType": "transit",
              "stylers": Array [
                Object {
                  "color": "#f2f2f2",
                },
                Object {
                  "lightness": 19,
                },
              ],
            },
            Object {
              "elementType": "geometry.fill",
              "featureType": "administrative",
              "stylers": Array [
                Object {
                  "color": "#fefefe",
                },
                Object {
                  "lightness": 20,
                },
              ],
            },
            Object {
              "elementType": "geometry.stroke",
              "featureType": "administrative",
              "stylers": Array [
                Object {
                  "color": "#fefefe",
                },
                Object {
                  "lightness": 17,
                },
                Object {
                  "weight": 1.2,
                },
              ],
            },
          ],
        },
        "style": Object {
          "height": "100%",
          "margin": 0,
          "padding": 0,
          "position": "relative",
          "width": "100%",
        },
        "yesIWantToUseGoogleMapApiInternals": false,
        "zoom": 15,
      },
      "ref": null,
      "rendered": Object {
        "instance": null,
        "key": undefined,
        "nodeType": "function",
        "props": Object {
          "lat": 46.3950025,
          "lng": 17.506616,
        },
        "ref": null,
        "rendered": null,
        "type": [Function],
      },
      "type": [Function],
    },
    "type": "div",
  },
  Symbol(enzyme.__nodes__): Array [
    Object {
      "instance": null,
      "key": undefined,
      "nodeType": "host",
      "props": Object {
        "children": <GoogleMap
          bootstrapURLKeys={
            Object {
              "key": Array [
                "AIzaSyDvnPguJofFhvUbJiNYkR2rlzSvIeZhco8",
              ],
            }
          }
          center={
            Object {
              "lat": 46.3950025,
              "lng": 17.506616,
            }
          }
          debounced={true}
          distanceToMouse={[Function]}
          googleMapLoader={[Function]}
          heatmap={Object {}}
          heatmapLibrary={false}
          hoverDistance={30}
          layerTypes={Array []}
          options={
            Object {
              "styles": Array [
                Object {
                  "elementType": "geometry",
                  "featureType": "water",
                  "stylers": Array [
                    Object {
                      "color": "#e9e9e9",
                    },
                    Object {
                      "lightness": 17,
                    },
                  ],
                },
                Object {
                  "elementType": "geometry",
                  "featureType": "landscape",
                  "stylers": Array [
                    Object {
                      "color": "#f5f5f5",
                    },
                    Object {
                      "lightness": 20,
                    },
                  ],
                },
                Object {
                  "elementType": "geometry.fill",
                  "featureType": "road.highway",
                  "stylers": Array [
                    Object {
                      "color": "#ffffff",
                    },
                    Object {
                      "lightness": 17,
                    },
                  ],
                },
                Object {
                  "elementType": "geometry.stroke",
                  "featureType": "road.highway",
                  "stylers": Array [
                    Object {
                      "color": "#ffffff",
                    },
                    Object {
                      "lightness": 29,
                    },
                    Object {
                      "weight": 0.2,
                    },
                  ],
                },
                Object {
                  "elementType": "geometry",
                  "featureType": "road.arterial",
                  "stylers": Array [
                    Object {
                      "color": "#ffffff",
                    },
                    Object {
                      "lightness": 18,
                    },
                  ],
                },
                Object {
                  "elementType": "geometry",
                  "featureType": "road.local",
                  "stylers": Array [
                    Object {
                      "color": "#ffffff",
                    },
                    Object {
                      "lightness": 16,
                    },
                  ],
                },
                Object {
                  "elementType": "geometry",
                  "featureType": "poi",
                  "stylers": Array [
                    Object {
                      "color": "#f5f5f5",
                    },
                    Object {
                      "lightness": 21,
                    },
                  ],
                },
                Object {
                  "elementType": "geometry",
                  "featureType": "poi.park",
                  "stylers": Array [
                    Object {
                      "color": "#dedede",
                    },
                    Object {
                      "lightness": 21,
                    },
                  ],
                },
                Object {
                  "elementType": "labels.text.stroke",
                  "stylers": Array [
                    Object {
                      "visibility": "on",
                    },
                    Object {
                      "color": "#ffffff",
                    },
                    Object {
                      "lightness": 16,
                    },
                  ],
                },
                Object {
                  "elementType": "labels.text.fill",
                  "stylers": Array [
                    Object {
                      "saturation": 36,
                    },
                    Object {
                      "color": "#333333",
                    },
                    Object {
                      "lightness": 40,
                    },
                  ],
                },
                Object {
                  "elementType": "labels.icon",
                  "stylers": Array [
                    Object {
                      "visibility": "off",
                    },
                  ],
                },
                Object {
                  "elementType": "geometry",
                  "featureType": "transit",
                  "stylers": Array [
                    Object {
                      "color": "#f2f2f2",
                    },
                    Object {
                      "lightness": 19,
                    },
                  ],
                },
                Object {
                  "elementType": "geometry.fill",
                  "featureType": "administrative",
                  "stylers": Array [
                    Object {
                      "color": "#fefefe",
                    },
                    Object {
                      "lightness": 20,
                    },
                  ],
                },
                Object {
                  "elementType": "geometry.stroke",
                  "featureType": "administrative",
                  "stylers": Array [
                    Object {
                      "color": "#fefefe",
                    },
                    Object {
                      "lightness": 17,
                    },
                    Object {
                      "weight": 1.2,
                    },
                  ],
                },
              ],
            }
          }
          style={
            Object {
              "height": "100%",
              "margin": 0,
              "padding": 0,
              "position": "relative",
              "width": "100%",
            }
          }
          yesIWantToUseGoogleMapApiInternals={false}
          zoom={15}
        >
          <Marker
            lat={46.3950025}
            lng={17.506616}
          />
        </GoogleMap>,
        "className": "map",
      },
      "ref": null,
      "rendered": Object {
        "instance": null,
        "key": undefined,
        "nodeType": "class",
        "props": Object {
          "bootstrapURLKeys": Object {
            "key": Array [
              "AIzaSyDvnPguJofFhvUbJiNYkR2rlzSvIeZhco8",
            ],
          },
          "center": Object {
            "lat": 46.3950025,
            "lng": 17.506616,
          },
          "children": <Marker
            lat={46.3950025}
            lng={17.506616}
          />,
          "debounced": true,
          "distanceToMouse": [Function],
          "googleMapLoader": [Function],
          "heatmap": Object {},
          "heatmapLibrary": false,
          "hoverDistance": 30,
          "layerTypes": Array [],
          "options": Object {
            "styles": Array [
              Object {
                "elementType": "geometry",
                "featureType": "water",
                "stylers": Array [
                  Object {
                    "color": "#e9e9e9",
                  },
                  Object {
                    "lightness": 17,
                  },
                ],
              },
              Object {
                "elementType": "geometry",
                "featureType": "landscape",
                "stylers": Array [
                  Object {
                    "color": "#f5f5f5",
                  },
                  Object {
                    "lightness": 20,
                  },
                ],
              },
              Object {
                "elementType": "geometry.fill",
                "featureType": "road.highway",
                "stylers": Array [
                  Object {
                    "color": "#ffffff",
                  },
                  Object {
                    "lightness": 17,
                  },
                ],
              },
              Object {
                "elementType": "geometry.stroke",
                "featureType": "road.highway",
                "stylers": Array [
                  Object {
                    "color": "#ffffff",
                  },
                  Object {
                    "lightness": 29,
                  },
                  Object {
                    "weight": 0.2,
                  },
                ],
              },
              Object {
                "elementType": "geometry",
                "featureType": "road.arterial",
                "stylers": Array [
                  Object {
                    "color": "#ffffff",
                  },
                  Object {
                    "lightness": 18,
                  },
                ],
              },
              Object {
                "elementType": "geometry",
                "featureType": "road.local",
                "stylers": Array [
                  Object {
                    "color": "#ffffff",
                  },
                  Object {
                    "lightness": 16,
                  },
                ],
              },
              Object {
                "elementType": "geometry",
                "featureType": "poi",
                "stylers": Array [
                  Object {
                    "color": "#f5f5f5",
                  },
                  Object {
                    "lightness": 21,
                  },
                ],
              },
              Object {
                "elementType": "geometry",
                "featureType": "poi.park",
                "stylers": Array [
                  Object {
                    "color": "#dedede",
                  },
                  Object {
                    "lightness": 21,
                  },
                ],
              },
              Object {
                "elementType": "labels.text.stroke",
                "stylers": Array [
                  Object {
                    "visibility": "on",
                  },
                  Object {
                    "color": "#ffffff",
                  },
                  Object {
                    "lightness": 16,
                  },
                ],
              },
              Object {
                "elementType": "labels.text.fill",
                "stylers": Array [
                  Object {
                    "saturation": 36,
                  },
                  Object {
                    "color": "#333333",
                  },
                  Object {
                    "lightness": 40,
                  },
                ],
              },
              Object {
                "elementType": "labels.icon",
                "stylers": Array [
                  Object {
                    "visibility": "off",
                  },
                ],
              },
              Object {
                "elementType": "geometry",
                "featureType": "transit",
                "stylers": Array [
                  Object {
                    "color": "#f2f2f2",
                  },
                  Object {
                    "lightness": 19,
                  },
                ],
              },
              Object {
                "elementType": "geometry.fill",
                "featureType": "administrative",
                "stylers": Array [
                  Object {
                    "color": "#fefefe",
                  },
                  Object {
                    "lightness": 20,
                  },
                ],
              },
              Object {
                "elementType": "geometry.stroke",
                "featureType": "administrative",
                "stylers": Array [
                  Object {
                    "color": "#fefefe",
                  },
                  Object {
                    "lightness": 17,
                  },
                  Object {
                    "weight": 1.2,
                  },
                ],
              },
            ],
          },
          "style": Object {
            "height": "100%",
            "margin": 0,
            "padding": 0,
            "position": "relative",
            "width": "100%",
          },
          "yesIWantToUseGoogleMapApiInternals": false,
          "zoom": 15,
        },
        "ref": null,
        "rendered": Object {
          "instance": null,
          "key": undefined,
          "nodeType": "function",
          "props": Object {
            "lat": 46.3950025,
            "lng": 17.506616,
          },
          "ref": null,
          "rendered": null,
          "type": [Function],
        },
        "type": [Function],
      },
      "type": "div",
    },
  ],
  Symbol(enzyme.__options__): Object {
    "adapter": ReactSixteenAdapter {
      "options": Object {
        "enableComponentDidUpdateOnSetState": true,
        "lifecycles": Object {
          "componentDidUpdate": Object {
            "onSetState": true,
          },
          "getDerivedStateFromProps": true,
          "getSnapshotBeforeUpdate": true,
          "setState": Object {
            "skipsComponentDidUpdateOnNullish": true,
          },
        },
      },
    },
  },
}
`;

exports[`Marker component renders correctly 1`] = `
ShallowWrapper {
  Symbol(enzyme.__root__): [Circular],
  Symbol(enzyme.__unrendered__): <Marker />,
  Symbol(enzyme.__renderer__): Object {
    "batchedUpdates": [Function],
    "getNode": [Function],
    "render": [Function],
    "simulateError": [Function],
    "simulateEvent": [Function],
    "unmount": [Function],
  },
  Symbol(enzyme.__node__): Object {
    "instance": null,
    "key": undefined,
    "nodeType": "host",
    "props": Object {
      "alt": "",
      "className": "bibic-marker",
      "src": "bibic-white.png",
    },
    "ref": null,
    "rendered": null,
    "type": "img",
  },
  Symbol(enzyme.__nodes__): Array [
    Object {
      "instance": null,
      "key": undefined,
      "nodeType": "host",
      "props": Object {
        "alt": "",
        "className": "bibic-marker",
        "src": "bibic-white.png",
      },
      "ref": null,
      "rendered": null,
      "type": "img",
    },
  ],
  Symbol(enzyme.__options__): Object {
    "adapter": ReactSixteenAdapter {
      "options": Object {
        "enableComponentDidUpdateOnSetState": true,
        "lifecycles": Object {
          "componentDidUpdate": Object {
            "onSetState": true,
          },
          "getDerivedStateFromProps": true,
          "getSnapshotBeforeUpdate": true,
          "setState": Object {
            "skipsComponentDidUpdateOnNullish": true,
          },
        },
      },
    },
  },
}
`;
