// Jest Snapshot v1, https://goo.gl/fbAQLP

exports[`BackMenu component renders correctly 1`] = `ShallowWrapper {}`;
