// Jest Snapshot v1, https://goo.gl/fbAQLP

exports[`RoomMenu component renders correctly 1`] = `ShallowWrapper {}`;
