// Jest Snapshot v1, https://goo.gl/fbAQLP

exports[`Services component renders correctly 1`] = `
ShallowWrapper {
  Symbol(enzyme.__root__): [Circular],
  Symbol(enzyme.__unrendered__): <Services />,
  Symbol(enzyme.__renderer__): Object {
    "batchedUpdates": [Function],
    "getNode": [Function],
    "render": [Function],
    "simulateError": [Function],
    "simulateEvent": [Function],
    "unmount": [Function],
  },
  Symbol(enzyme.__node__): Object {
    "instance": null,
    "key": undefined,
    "nodeType": "host",
    "props": Object {
      "children": Array [
        <h2>
          Szolgáltatásaink
        </h2>,
        <withRouter(Component)
          count={3}
          item={[Function]}
          path="szolgaltatasaink"
        />,
        <div
          className="services-footer"
        >
          <p>
            Az aktív pihenést kedvelőknek ping pong asztal és kerékpárok, a gyermekeknek játszótér áll rendelkezésére.
          </p>
          <Button
            label="További szolgáltatásaink →"
            to="szolgaltatasok"
          />
        </div>,
      ],
      "id": "szolgaltatasok",
    },
    "ref": null,
    "rendered": Array [
      Object {
        "instance": null,
        "key": undefined,
        "nodeType": "host",
        "props": Object {
          "children": "Szolgáltatásaink",
        },
        "ref": null,
        "rendered": "Szolgáltatásaink",
        "type": "h2",
      },
      Object {
        "instance": null,
        "key": undefined,
        "nodeType": "function",
        "props": Object {
          "count": 3,
          "item": [Function],
          "path": "szolgaltatasaink",
        },
        "ref": null,
        "rendered": null,
        "type": [Function],
      },
      Object {
        "instance": null,
        "key": undefined,
        "nodeType": "host",
        "props": Object {
          "children": Array [
            <p>
              Az aktív pihenést kedvelőknek ping pong asztal és kerékpárok, a gyermekeknek játszótér áll rendelkezésére.
            </p>,
            <Button
              label="További szolgáltatásaink →"
              to="szolgaltatasok"
            />,
          ],
          "className": "services-footer",
        },
        "ref": null,
        "rendered": Array [
          Object {
            "instance": null,
            "key": undefined,
            "nodeType": "host",
            "props": Object {
              "children": "Az aktív pihenést kedvelőknek ping pong asztal és kerékpárok, a gyermekeknek játszótér áll rendelkezésére.",
            },
            "ref": null,
            "rendered": "Az aktív pihenést kedvelőknek ping pong asztal és kerékpárok, a gyermekeknek játszótér áll rendelkezésére.",
            "type": "p",
          },
          Object {
            "instance": null,
            "key": undefined,
            "nodeType": "function",
            "props": Object {
              "label": "További szolgáltatásaink →",
              "to": "szolgaltatasok",
            },
            "ref": null,
            "rendered": null,
            "type": [Function],
          },
        ],
        "type": "div",
      },
    ],
    "type": "section",
  },
  Symbol(enzyme.__nodes__): Array [
    Object {
      "instance": null,
      "key": undefined,
      "nodeType": "host",
      "props": Object {
        "children": Array [
          <h2>
            Szolgáltatásaink
          </h2>,
          <withRouter(Component)
            count={3}
            item={[Function]}
            path="szolgaltatasaink"
          />,
          <div
            className="services-footer"
          >
            <p>
              Az aktív pihenést kedvelőknek ping pong asztal és kerékpárok, a gyermekeknek játszótér áll rendelkezésére.
            </p>
            <Button
              label="További szolgáltatásaink →"
              to="szolgaltatasok"
            />
          </div>,
        ],
        "id": "szolgaltatasok",
      },
      "ref": null,
      "rendered": Array [
        Object {
          "instance": null,
          "key": undefined,
          "nodeType": "host",
          "props": Object {
            "children": "Szolgáltatásaink",
          },
          "ref": null,
          "rendered": "Szolgáltatásaink",
          "type": "h2",
        },
        Object {
          "instance": null,
          "key": undefined,
          "nodeType": "function",
          "props": Object {
            "count": 3,
            "item": [Function],
            "path": "szolgaltatasaink",
          },
          "ref": null,
          "rendered": null,
          "type": [Function],
        },
        Object {
          "instance": null,
          "key": undefined,
          "nodeType": "host",
          "props": Object {
            "children": Array [
              <p>
                Az aktív pihenést kedvelőknek ping pong asztal és kerékpárok, a gyermekeknek játszótér áll rendelkezésére.
              </p>,
              <Button
                label="További szolgáltatásaink →"
                to="szolgaltatasok"
              />,
            ],
            "className": "services-footer",
          },
          "ref": null,
          "rendered": Array [
            Object {
              "instance": null,
              "key": undefined,
              "nodeType": "host",
              "props": Object {
                "children": "Az aktív pihenést kedvelőknek ping pong asztal és kerékpárok, a gyermekeknek játszótér áll rendelkezésére.",
              },
              "ref": null,
              "rendered": "Az aktív pihenést kedvelőknek ping pong asztal és kerékpárok, a gyermekeknek játszótér áll rendelkezésére.",
              "type": "p",
            },
            Object {
              "instance": null,
              "key": undefined,
              "nodeType": "function",
              "props": Object {
                "label": "További szolgáltatásaink →",
                "to": "szolgaltatasok",
              },
              "ref": null,
              "rendered": null,
              "type": [Function],
            },
          ],
          "type": "div",
        },
      ],
      "type": "section",
    },
  ],
  Symbol(enzyme.__options__): Object {
    "adapter": ReactSixteenAdapter {
      "options": Object {
        "enableComponentDidUpdateOnSetState": true,
        "lifecycles": Object {
          "componentDidUpdate": Object {
            "onSetState": true,
          },
          "getDerivedStateFromProps": true,
          "getSnapshotBeforeUpdate": true,
          "setState": Object {
            "skipsComponentDidUpdateOnNullish": true,
          },
        },
      },
    },
  },
}
`;
